    Checking limeos-domain v0.2.0 (/tmp/limeos-container-process-evidence/crates/domain)
    Checking tempfile v3.23.0
    Checking limeos-identity v0.2.0 (/tmp/limeos-container-process-evidence/crates/identity)
    Checking limeos-footprint v0.0.1 (/tmp/limeos-container-process-evidence/spikes/footprint)
    Checking limeos-contracts v0.2.0 (/tmp/limeos-container-process-evidence/crates/contracts)
    Checking limeos-policy v0.2.0 (/tmp/limeos-container-process-evidence/crates/policy)
    Checking limeos-persistence v0.2.0 (/tmp/limeos-container-process-evidence/crates/persistence)
    Checking limeos-executor-protocol v0.2.0 (/tmp/limeos-container-process-evidence/crates/executor-protocol)
    Checking limeos-api v0.2.0 (/tmp/limeos-container-process-evidence/crates/api)
    Checking limeos-observations v0.2.0 (/tmp/limeos-container-process-evidence/crates/observations)
    Checking limeos-backup-archive v0.2.0 (/tmp/limeos-container-process-evidence/crates/backup-archive)
    Checking limeos-executor-container v0.2.0 (/tmp/limeos-container-process-evidence/crates/executor-container)
    Checking limeos-executor-storage v0.2.0 (/tmp/limeos-container-process-evidence/crates/executor-storage)
    Checking limeos-core v0.2.0 (/tmp/limeos-container-process-evidence/bins/core)
error: manual `!Range::contains` implementation
    --> crates/executor-storage/src/processes.rs:1110:35
     |
1110 |     if values.next().is_some() || pid < 2 || pid >= MAX_PID {
     |                                   ^^^^^^^^^^^^^^^^^^^^^^^^^ help: use: `!(2..MAX_PID).contains(&pid)`
     |
     = help: for further information visit https://rust-lang.github.io/rust-clippy/master/index.html#manual_range_contains
     = note: `-D clippy::manual-range-contains` implied by `-D warnings`
     = help: to override `-D warnings` add `#[allow(clippy::manual_range_contains)]`

error: could not compile `limeos-executor-storage` (lib) due to 1 previous error
warning: build failed, waiting for other jobs to finish...
