   Compiling proc-macro2 v1.0.107
   Compiling quote v1.0.47
   Compiling unicode-ident v1.0.26
   Compiling libc v0.2.190
   Compiling serde_core v1.0.228
   Compiling serde_json v1.0.145
   Compiling thiserror v2.0.21
   Compiling serde v1.0.228
   Compiling ref-cast v1.0.27
   Compiling itoa v1.0.18
   Compiling termcolor v1.4.1
   Compiling memchr v2.8.3
   Compiling ryu v1.0.23
   Compiling dyn-clone v1.0.20
   Compiling pin-project-lite v0.2.17
   Compiling bytes v1.12.1
   Compiling syn v2.0.119
   Compiling syn v3.0.6
   Compiling errno v0.3.14
   Compiling mio v1.2.4
   Compiling socket2 v0.6.5
   Compiling signal-hook-registry v1.4.8
   Compiling thiserror-impl v2.0.21
   Compiling ref-cast-impl v1.0.27
   Compiling serde_derive_internals v0.29.1
   Compiling serde_derive v1.0.228
   Compiling ts-rs-macros v11.0.1
   Compiling tokio-macros v2.6.1
   Compiling schemars_derive v1.0.4
   Compiling tokio v1.48.0
   Compiling ts-rs v11.0.1
   Compiling schemars v1.0.4
   Compiling limeos-domain v0.2.0 (/tmp/limeos-rw040-harness-fixes/crates/domain)
   Compiling limeos-contracts v0.2.0 (/tmp/limeos-rw040-harness-fixes/crates/contracts)
   Compiling limeos-executor-protocol v0.2.0 (/tmp/limeos-rw040-harness-fixes/crates/executor-protocol)
   Compiling limeos-schema v0.2.0 (/tmp/limeos-rw040-harness-fixes/bins/schema)
    Finished `dev` profile [unoptimized + debuginfo] target(s) in 27.88s
     Running `target/debug/limeos-schema /tmp/limeos-contracts-nt0jgjyp`
Generated schemas and TypeScript match Rust contracts.
